// Jest Snapshot v1, https://goo.gl/fbAQLP

exports[`Details Component should render with given props 1`] = `null`;
